c:\users\asus\coding\gdeng03\que_gdeng03_engine\que-engine\x64\debug\vc143.pdb
c:\users\asus\coding\gdeng03\que_gdeng03_engine\que-engine\x64\debug\vc143.idb
c:\users\asus\coding\gdeng03\que_gdeng03_engine\que-engine\x64\debug\teapot.obj
c:\users\asus\coding\gdeng03\que_gdeng03_engine\que-engine\x64\debug\scenecamerahandler.obj
c:\users\asus\coding\gdeng03\que_gdeng03_engine\que-engine\x64\debug\drawable.obj
c:\users\asus\coding\gdeng03\que_gdeng03_engine\que-engine\x64\debug\inputsystem.obj
c:\users\asus\coding\gdeng03\que_gdeng03_engine\que-engine\x64\debug\enginetime.obj
c:\users\asus\coding\gdeng03\que_gdeng03_engine\que-engine\x64\debug\cube.obj
c:\users\asus\coding\gdeng03\que_gdeng03_engine\que-engine\x64\debug\camera.obj
c:\users\asus\coding\gdeng03\que_gdeng03_engine\que-engine\x64\debug\appwindow.obj
c:\users\asus\coding\gdeng03\que_gdeng03_engine\que-engine\x64\debug\quad.obj
c:\users\asus\coding\gdeng03\que_gdeng03_engine\que-engine\x64\debug\profilerscreen.obj
c:\users\asus\coding\gdeng03\que_gdeng03_engine\que-engine\x64\debug\plane.obj
c:\users\asus\coding\gdeng03\que_gdeng03_engine\que-engine\x64\debug\placeobjectscreen.obj
c:\users\asus\coding\gdeng03\que_gdeng03_engine\que-engine\x64\debug\main.obj
c:\users\asus\coding\gdeng03\que_gdeng03_engine\que-engine\x64\debug\inspectorscreen.obj
c:\users\asus\coding\gdeng03\que_gdeng03_engine\que-engine\x64\debug\hierarchyscreen.obj
c:\users\asus\coding\gdeng03\que_gdeng03_engine\que-engine\x64\debug\gameobjectmanager.obj
c:\users\asus\coding\gdeng03\que_gdeng03_engine\que-engine\x64\debug\circle.obj
c:\users\asus\coding\gdeng03\que_gdeng03_engine\que-engine\x64\debug\bunny.obj
c:\users\asus\coding\gdeng03\que_gdeng03_engine\que-engine\x64\debug\armadillo.obj
c:\users\asus\coding\gdeng03\que_gdeng03_engine\que-engine\x64\debug\uimanager.obj
c:\users\asus\coding\gdeng03\que_gdeng03_engine\que-engine\x64\debug\triangle.obj
c:\users\asus\coding\gdeng03\que_gdeng03_engine\que-engine\x64\debug\window.obj
c:\users\asus\coding\gdeng03\que_gdeng03_engine\que-engine\x64\debug\resourcemanager.obj
c:\users\asus\coding\gdeng03\que_gdeng03_engine\que-engine\x64\debug\matrix4x4.obj
c:\users\asus\coding\gdeng03\que_gdeng03_engine\que-engine\x64\debug\imgui_draw.obj
c:\users\asus\coding\gdeng03\que_gdeng03_engine\que-engine\x64\debug\imgui_demo.obj
c:\users\asus\coding\gdeng03\que_gdeng03_engine\que-engine\x64\debug\imgui.obj
c:\users\asus\coding\gdeng03\que_gdeng03_engine\que-engine\x64\debug\indexbuffer.obj
c:\users\asus\coding\gdeng03\que_gdeng03_engine\que-engine\x64\debug\graphicsengine.obj
c:\users\asus\coding\gdeng03\que_gdeng03_engine\que-engine\x64\debug\gameobject.obj
c:\users\asus\coding\gdeng03\que_gdeng03_engine\que-engine\x64\debug\devicecontext.obj
c:\users\asus\coding\gdeng03\que_gdeng03_engine\que-engine\x64\debug\creditsscreen.obj
c:\users\asus\coding\gdeng03\que_gdeng03_engine\que-engine\x64\debug\constantbuffer.obj
c:\users\asus\coding\gdeng03\que_gdeng03_engine\que-engine\x64\debug\colorpickerscreen.obj
c:\users\asus\coding\gdeng03\que_gdeng03_engine\que-engine\x64\debug\resource.obj
c:\users\asus\coding\gdeng03\que_gdeng03_engine\que-engine\x64\debug\rendersystem.obj
c:\users\asus\coding\gdeng03\que_gdeng03_engine\que-engine\x64\debug\pixelshader.obj
c:\users\asus\coding\gdeng03\que_gdeng03_engine\que-engine\x64\debug\meshmanager.obj
c:\users\asus\coding\gdeng03\que_gdeng03_engine\que-engine\x64\debug\mesh.obj
c:\users\asus\coding\gdeng03\que_gdeng03_engine\que-engine\x64\debug\menuscreen.obj
c:\users\asus\coding\gdeng03\que_gdeng03_engine\que-engine\x64\debug\imgui_widgets.obj
c:\users\asus\coding\gdeng03\que_gdeng03_engine\que-engine\x64\debug\imgui_tables.obj
c:\users\asus\coding\gdeng03\que_gdeng03_engine\que-engine\x64\debug\imgui_stdlib.obj
c:\users\asus\coding\gdeng03\que_gdeng03_engine\que-engine\x64\debug\imgui_impl_win32.obj
c:\users\asus\coding\gdeng03\que_gdeng03_engine\que-engine\x64\debug\imgui_impl_dx11.obj
c:\users\asus\coding\gdeng03\que_gdeng03_engine\que-engine\x64\debug\vertexshader.obj
c:\users\asus\coding\gdeng03\que_gdeng03_engine\que-engine\x64\debug\vertexmesh.obj
c:\users\asus\coding\gdeng03\que_gdeng03_engine\que-engine\x64\debug\vertexbuffer.obj
c:\users\asus\coding\gdeng03\que_gdeng03_engine\que-engine\x64\debug\vector4d.obj
c:\users\asus\coding\gdeng03\que_gdeng03_engine\que-engine\x64\debug\vector3d.obj
c:\users\asus\coding\gdeng03\que_gdeng03_engine\que-engine\x64\debug\vector2d.obj
c:\users\asus\coding\gdeng03\que_gdeng03_engine\que-engine\x64\debug\uiscreen.obj
c:\users\asus\coding\gdeng03\que_gdeng03_engine\que-engine\x64\debug\texturemanager.obj
c:\users\asus\coding\gdeng03\que_gdeng03_engine\que-engine\x64\debug\texture.obj
c:\users\asus\coding\gdeng03\que_gdeng03_engine\que-engine\x64\debug\swapchain.obj
c:\users\asus\coding\gdeng03\que_gdeng03_engine\que-engine\x64\debug\component.obj
c:\users\asus\coding\gdeng03\que_gdeng03_engine\que-engine\x64\debug\basecomponentsystem.obj
c:\users\asus\coding\gdeng03\que_gdeng03_engine\que-engine\x64\debug\physicssystem.obj
c:\users\asus\coding\gdeng03\que_gdeng03_engine\que-engine\x64\debug\physicscomponent.obj
c:\users\asus\coding\gdeng03\que_gdeng03_engine\que-engine\x64\debug\physicsplane.obj
c:\users\asus\coding\gdeng03\que_gdeng03_engine\que-engine\x64\debug\physicscube.obj
c:\users\asus\coding\gdeng03\que_gdeng03_engine\que-engine\x64\debug\sphere.obj
c:\users\asus\coding\gdeng03\que_gdeng03_engine\x64\debug\que-engine.pdb
c:\users\asus\coding\gdeng03\que_gdeng03_engine\que-engine\x64\debug\que-engine.tlog\cl.command.1.tlog
c:\users\asus\coding\gdeng03\que_gdeng03_engine\que-engine\x64\debug\que-engine.tlog\cl.items.tlog
c:\users\asus\coding\gdeng03\que_gdeng03_engine\que-engine\x64\debug\que-engine.tlog\cl.read.1.tlog
c:\users\asus\coding\gdeng03\que_gdeng03_engine\que-engine\x64\debug\que-engine.tlog\cl.write.1.tlog
c:\users\asus\coding\gdeng03\que_gdeng03_engine\que-engine\x64\debug\que-engine.tlog\link.9964-cvtres.read.1.tlog
c:\users\asus\coding\gdeng03\que_gdeng03_engine\que-engine\x64\debug\que-engine.tlog\link.9964-cvtres.write.1.tlog
c:\users\asus\coding\gdeng03\que_gdeng03_engine\que-engine\x64\debug\que-engine.tlog\link.9964-rc.read.1.tlog
c:\users\asus\coding\gdeng03\que_gdeng03_engine\que-engine\x64\debug\que-engine.tlog\link.9964-rc.write.1.tlog
c:\users\asus\coding\gdeng03\que_gdeng03_engine\que-engine\x64\debug\que-engine.tlog\link.9964.read.1.tlog
c:\users\asus\coding\gdeng03\que_gdeng03_engine\que-engine\x64\debug\que-engine.tlog\link.9964.read.2.tlog
c:\users\asus\coding\gdeng03\que_gdeng03_engine\que-engine\x64\debug\que-engine.tlog\link.9964.write.1.tlog
c:\users\asus\coding\gdeng03\que_gdeng03_engine\que-engine\x64\debug\que-engine.tlog\link.command.1.tlog
c:\users\asus\coding\gdeng03\que_gdeng03_engine\que-engine\x64\debug\que-engine.tlog\link.read.1.tlog
c:\users\asus\coding\gdeng03\que_gdeng03_engine\que-engine\x64\debug\que-engine.tlog\link.write.1.tlog
